---------------------------------------------------------------------------------------------------
Date: 9/28/2026 -- 13:28:25 (uptime: 0d, 00h 00m 05s)
---------------------------------------------------------------------------------------------------
Counter                                                      | TM Name                   | Value
---------------------------------------------------------------------------------------------------
decoder.pkts                                                 | Total                     | 2304
decoder.bytes                                                | Total                     | 178445
decoder.ipv4                                                 | Total                     | 2150
decoder.ipv6                                                 | Total                     | 154
decoder.null                                                 | Total                     | 2304
decoder.tcp                                                  | Total                     | 2000
tcp.syn                                                      | Total                     | 1000
tcp.rst                                                      | Total                     | 1000
decoder.udp                                                  | Total                     | 299
decoder.icmpv6                                               | Total                     | 5
decoder.avg_pkt_size                                         | Total                     | 77
decoder.max_pkt_size                                         | Total                     | 1233
flow.total                                                   | Total                     | 1006
flow.tcp                                                     | Total                     | 1000
flow.udp                                                     | Total                     | 5
flow.icmpv6                                                  | Total                     | 1
flow.wrk.spare_sync_avg                                      | Total                     | 100
flow.wrk.spare_sync                                          | Total                     | 16
flow.wrk.flows_evicted_needs_work                            | Total                     | 1000
flow.wrk.flows_evicted_pkt_inject                            | Total                     | 1000
flow.wrk.flows_injected                                      | Total                     | 1000
tcp.sessions                                                 | Total                     | 1000
tcp.ssn_from_pool                                            | Total                     | 1000
tcp.invalid_checksum                                         | Total                     | 1000
detect.alert                                                 | Total                     | 3151
app_layer.flow.mdns                                          | Total                     | 5
app_layer.tx.mdns                                            | Total                     | 299
flow.end.state.new                                           | Total                     | 1006
flow.end.tcp_state.syn_sent                                  | Total                     | 1000
flow.mgr.rows_per_sec                                        | Total                     | 6553
flow.spare                                                   | Total                     | 9600
memcap.pressure                                              | Total                     | 8
memcap.pressure_max                                          | Total                     | 8
defrag.memuse                                                | Total                     | 15728472
flow.recycler.recycled                                       | Total                     | 6
flow.recycler.queue_max                                      | Total                     | 6
tcp.memuse                                                   | Total                     | 4980736
tcp.reassembly_memuse                                        | Total                     | 917504
http.byterange.memuse                                        | Total                     | 208768
http.byterange.memcap                                        | Total                     | 104857600
ippair.memuse                                                | Total                     | 684288
ippair.memcap                                                | Total                     | 16777216
host.memuse                                                  | Total                     | 668288
host.memcap                                                  | Total                     | 33554432
detect.thresholds.cache.memuse                               | Total                     | 17472
flow.memuse                                                  | Total                     | 11588608
---------------------------------------------------------------------------------------------------
Date: 9/28/2026 -- 13:29:15 (uptime: 0d, 00h 00m 05s)
---------------------------------------------------------------------------------------------------
Counter                                                      | TM Name                   | Value
---------------------------------------------------------------------------------------------------
decoder.pkts                                                 | Total                     | 2304
decoder.bytes                                                | Total                     | 178445
decoder.ipv4                                                 | Total                     | 2150
decoder.ipv6                                                 | Total                     | 154
decoder.null                                                 | Total                     | 2304
decoder.tcp                                                  | Total                     | 2000
tcp.syn                                                      | Total                     | 1000
tcp.rst                                                      | Total                     | 1000
decoder.udp                                                  | Total                     | 299
decoder.icmpv6                                               | Total                     | 5
decoder.avg_pkt_size                                         | Total                     | 77
decoder.max_pkt_size                                         | Total                     | 1233
flow.total                                                   | Total                     | 1006
flow.tcp                                                     | Total                     | 1000
flow.udp                                                     | Total                     | 5
flow.icmpv6                                                  | Total                     | 1
flow.wrk.spare_sync_avg                                      | Total                     | 100
flow.wrk.spare_sync                                          | Total                     | 16
flow.wrk.flows_evicted_needs_work                            | Total                     | 1000
flow.wrk.flows_evicted_pkt_inject                            | Total                     | 1000
flow.wrk.flows_injected                                      | Total                     | 1000
tcp.sessions                                                 | Total                     | 1000
tcp.ssn_from_pool                                            | Total                     | 1000
tcp.invalid_checksum                                         | Total                     | 1000
detect.alert                                                 | Total                     | 3151
app_layer.flow.mdns                                          | Total                     | 5
app_layer.tx.mdns                                            | Total                     | 299
flow.end.state.new                                           | Total                     | 1006
flow.end.tcp_state.syn_sent                                  | Total                     | 1000
flow.mgr.rows_per_sec                                        | Total                     | 6553
flow.spare                                                   | Total                     | 9700
memcap.pressure                                              | Total                     | 8
memcap.pressure_max                                          | Total                     | 8
defrag.memuse                                                | Total                     | 15728472
flow.recycler.recycled                                       | Total                     | 6
flow.recycler.queue_max                                      | Total                     | 6
tcp.memuse                                                   | Total                     | 4980736
tcp.reassembly_memuse                                        | Total                     | 917504
http.byterange.memuse                                        | Total                     | 208768
http.byterange.memcap                                        | Total                     | 104857600
ippair.memuse                                                | Total                     | 684288
ippair.memcap                                                | Total                     | 16777216
host.memuse                                                  | Total                     | 668288
host.memcap                                                  | Total                     | 33554432
detect.thresholds.cache.memuse                               | Total                     | 17472
flow.memuse                                                  | Total                     | 11588608
