[259 - Suricata-Main] 2026-09-28 13:30:24 Notice: suricata: This is Suricata version 8.0.7 RELEASE running in USER mode
[259 - Suricata-Main] 2026-09-28 13:30:24 Info: cpu: CPUs/cores online: 8
[259 - Suricata-Main] 2026-09-28 13:30:24 Info: suricata: Setting engine mode to IDS mode by default
[259 - Suricata-Main] 2026-09-28 13:30:24 Info: exception-policy: master exception-policy set to: auto
[259 - Suricata-Main] 2026-09-28 13:30:24 Info: logopenfile: fast output device (regular) initialized: fast.log
[259 - Suricata-Main] 2026-09-28 13:30:24 Info: logopenfile: eve-log output device (regular) initialized: eve.json
[259 - Suricata-Main] 2026-09-28 13:30:24 Info: logopenfile: stats output device (regular) initialized: stats.log
[259 - Suricata-Main] 2026-09-28 13:30:24 Warning: detect: 1 rule files specified, but no rules were loaded!
[259 - Suricata-Main] 2026-09-28 13:30:24 Info: threshold-config: Threshold config parsed: 0 rule(s) found
[259 - Suricata-Main] 2026-09-28 13:30:24 Info: detect: 0 signatures processed. 0 are IP-only rules, 0 are inspecting packet payload, 0 inspect application layer, 0 are decoder event only
[3603 - RX#01] 2026-09-28 13:30:24 Info: pcap: Starting file run for pcaps/portscan.pcap
[259 - Suricata-Main] 2026-09-28 13:30:24 Notice: threads: Threads created -> RX: 1 W: 8 FM: 1 FR: 1   Engine started.
[3603 - RX#01] 2026-09-28 13:30:24 Info: checksum: More than 1/10th of packets have an invalid checksum, assuming checksum offloading is used (283/1000)
[3603 - RX#01] 2026-09-28 13:30:24 Info: pcap: pcap file pcaps/portscan.pcap end of file reached (pcap err code 0)
[259 - Suricata-Main] 2026-09-28 13:30:24 Notice: suricata: Signal Received.  Stopping engine.
[259 - Suricata-Main] 2026-09-28 13:30:24 Info: suricata: time elapsed 0.043s
[3603 - RX#01] 2026-09-28 13:30:24 Notice: pcap: read 1 file, 2304 packets, 178445 bytes
[259 - Suricata-Main] 2026-09-28 13:30:24 Info: counters: Alerts: 0
[259 - Suricata-Main] 2026-09-28 13:36:25 Notice: suricata: This is Suricata version 8.0.7 RELEASE running in USER mode
[259 - Suricata-Main] 2026-09-28 13:36:25 Info: cpu: CPUs/cores online: 8
[259 - Suricata-Main] 2026-09-28 13:36:25 Info: suricata: Setting engine mode to IDS mode by default
[259 - Suricata-Main] 2026-09-28 13:36:25 Info: exception-policy: master exception-policy set to: auto
[259 - Suricata-Main] 2026-09-28 13:36:25 Info: logopenfile: fast output device (regular) initialized: fast.log
[259 - Suricata-Main] 2026-09-28 13:36:25 Info: logopenfile: eve-log output device (regular) initialized: eve.json
[259 - Suricata-Main] 2026-09-28 13:36:25 Info: logopenfile: stats output device (regular) initialized: stats.log
[259 - Suricata-Main] 2026-09-28 13:36:25 Info: detect: 1 rule files processed. 1 rules successfully loaded, 0 rules failed, 0 rules skipped
[259 - Suricata-Main] 2026-09-28 13:36:25 Info: threshold-config: Threshold config parsed: 0 rule(s) found
[259 - Suricata-Main] 2026-09-28 13:36:25 Info: detect: 1 signatures processed. 0 are IP-only rules, 0 are inspecting packet payload, 0 inspect application layer, 0 are decoder event only
[3347 - RX#01] 2026-09-28 13:36:25 Info: pcap: Starting file run for pcaps/portscan.pcap
[259 - Suricata-Main] 2026-09-28 13:36:25 Notice: threads: Threads created -> RX: 1 W: 8 FM: 1 FR: 1   Engine started.
[3347 - RX#01] 2026-09-28 13:36:25 Info: checksum: No packets with invalid checksum, assuming checksum offloading is NOT used
[3347 - RX#01] 2026-09-28 13:36:25 Info: pcap: pcap file pcaps/portscan.pcap end of file reached (pcap err code 0)
[259 - Suricata-Main] 2026-09-28 13:36:26 Notice: suricata: Signal Received.  Stopping engine.
[259 - Suricata-Main] 2026-09-28 13:36:26 Info: suricata: time elapsed 0.044s
[3347 - RX#01] 2026-09-28 13:36:26 Notice: pcap: read 1 file, 2304 packets, 178445 bytes
[259 - Suricata-Main] 2026-09-28 13:36:26 Info: counters: Alerts: 1
