---------------------------------------------------------------------------------------------------
Date: 9/28/2026 -- 13:45:09 (uptime: 0d, 00h 00m 00s)
---------------------------------------------------------------------------------------------------
Counter                                                      | TM Name                   | Value
---------------------------------------------------------------------------------------------------
decoder.pkts                                                 | Total                     | 24
decoder.bytes                                                | Total                     | 3628
decoder.ipv4                                                 | Total                     | 24
decoder.null                                                 | Total                     | 24
decoder.tcp                                                  | Total                     | 24
tcp.syn                                                      | Total                     | 2
tcp.synack                                                   | Total                     | 2
decoder.avg_pkt_size                                         | Total                     | 151
decoder.max_pkt_size                                         | Total                     | 933
flow.total                                                   | Total                     | 2
flow.tcp                                                     | Total                     | 2
flow.wrk.spare_sync_avg                                      | Total                     | 100
flow.wrk.spare_sync                                          | Total                     | 2
tcp.sessions                                                 | Total                     | 2
tcp.ssn_from_pool                                            | Total                     | 2
tcp.segment_from_pool                                        | Total                     | 6
detect.alert                                                 | Total                     | 2
app_layer.flow.http                                          | Total                     | 2
app_layer.tx.http                                            | Total                     | 2
flow.end.state.closed                                        | Total                     | 2
flow.end.tcp_state.closed                                    | Total                     | 2
flow.mgr.rows_per_sec                                        | Total                     | 6553
flow.spare                                                   | Total                     | 9800
memcap.pressure                                              | Total                     | 8
memcap.pressure_max                                          | Total                     | 8
defrag.memuse                                                | Total                     | 15728472
flow.recycler.recycled                                       | Total                     | 2
flow.recycler.queue_max                                      | Total                     | 2
tcp.memuse                                                   | Total                     | 4980736
tcp.reassembly_memuse                                        | Total                     | 917504
http.byterange.memuse                                        | Total                     | 208768
http.byterange.memcap                                        | Total                     | 104857600
ippair.memuse                                                | Total                     | 684288
ippair.memcap                                                | Total                     | 16777216
host.memuse                                                  | Total                     | 668288
host.memcap                                                  | Total                     | 33554432
detect.thresholds.cache.memuse                               | Total                     | 17472
flow.memuse                                                  | Total                     | 11588608
---------------------------------------------------------------------------------------------------
Date: 9/28/2026 -- 13:49:34 (uptime: 0d, 00h 00m 00s)
---------------------------------------------------------------------------------------------------
Counter                                                      | TM Name                   | Value
---------------------------------------------------------------------------------------------------
decoder.pkts                                                 | Total                     | 24
decoder.bytes                                                | Total                     | 3628
decoder.ipv4                                                 | Total                     | 24
decoder.null                                                 | Total                     | 24
decoder.tcp                                                  | Total                     | 24
tcp.syn                                                      | Total                     | 2
tcp.synack                                                   | Total                     | 2
decoder.avg_pkt_size                                         | Total                     | 151
decoder.max_pkt_size                                         | Total                     | 933
flow.total                                                   | Total                     | 2
flow.tcp                                                     | Total                     | 2
flow.wrk.spare_sync_avg                                      | Total                     | 100
flow.wrk.spare_sync                                          | Total                     | 2
tcp.sessions                                                 | Total                     | 2
tcp.ssn_from_pool                                            | Total                     | 2
tcp.segment_from_pool                                        | Total                     | 6
detect.alert                                                 | Total                     | 2
detect.alerts_suppressed                                     | Total                     | 2
app_layer.flow.http                                          | Total                     | 2
app_layer.tx.http                                            | Total                     | 2
flow.end.state.closed                                        | Total                     | 2
flow.end.tcp_state.closed                                    | Total                     | 2
flow.mgr.rows_per_sec                                        | Total                     | 6553
flow.spare                                                   | Total                     | 9800
memcap.pressure                                              | Total                     | 8
memcap.pressure_max                                          | Total                     | 8
defrag.memuse                                                | Total                     | 15728472
flow.recycler.recycled                                       | Total                     | 2
flow.recycler.queue_max                                      | Total                     | 2
tcp.memuse                                                   | Total                     | 4980736
tcp.reassembly_memuse                                        | Total                     | 917504
http.byterange.memuse                                        | Total                     | 208768
http.byterange.memcap                                        | Total                     | 104857600
ippair.memuse                                                | Total                     | 684288
ippair.memcap                                                | Total                     | 16777216
host.memuse                                                  | Total                     | 668288
host.memcap                                                  | Total                     | 33554432
detect.thresholds.cache.memuse                               | Total                     | 17472
flow.memuse                                                  | Total                     | 11588608
